◇ injected env (2) from .env.test // tip: ⌘ override existing { override: true }
  console.log
    ◇ injected env (0) from .env // tip: ⌘ suppress logs { quiet: true }

      at _log (node_modules/dotenv/lib/main.js:131:11)

  console.error
    TypeError: Cannot read properties of undefined (reading 'price')
        at C:\Users\Prince Bhatt\Downloads\Raft_Assignment\backend\src\modules\order\order.service.ts:18:24
        at Array.map (<anonymous>)
        at Object.createOrderService (C:\Users\Prince Bhatt\Downloads\Raft_Assignment\backend\src\modules\order\order.service.ts:15:29)
        at createOrder (C:\Users\Prince Bhatt\Downloads\Raft_Assignment\backend\src\modules\order\order.controller.ts:6:17)

    [0m [90m  7 |[39m   next[33m:[39m [33mNextFunction[39m
     [90m  8 |[39m ) [33m=>[39m {
    [31m[1m>[22m[39m[90m  9 |[39m   console[33m.[39merror(err)[33m;[39m
     [90m    |[39m           [31m[1m^[22m[39m
     [90m 10 |[39m
     [90m 11 |[39m   res[33m.[39mstatus(err[33m.[39mstatus [33m||[39m [35m500[39m)[33m.[39mjson({
     [90m 12 |[39m     success[33m:[39m [36mfalse[39m[33m,[39m[0m

      at errorMiddleware (src/common/middleware/error.middleware.ts:9:11)
      at Layer.handleError (node_modules/router/lib/layer.js:116:17)
      at trimPrefix (node_modules/router/index.js:340:13)
      at node_modules/router/index.js:297:9
      at processParams (node_modules/router/index.js:582:12)
      at next (node_modules/router/index.js:291:5)
      at node_modules/router/index.js:688:15
      at next (node_modules/router/index.js:276:14)
      at node_modules/router/index.js:688:15
      at next (node_modules/router/index.js:276:14)
      at next (node_modules/router/lib/route.js:132:14)
      at node_modules/router/lib/layer.js:161:9

  console.log
    POST /orders response: {
      success: false,
      message: "Cannot read properties of undefined (reading 'price')"
    }

      at Object.<anonymous> (tests/integration/order.api.test.ts:63:15)

npx : FAIL tests/integration/order.api.test.ts
At line:1 char:1
+ npx jest tests/integration/order.api.test.ts -t "should create a new  ...
+ ~~~~~~~~~~~~~~~~~~~~~~~~~~~~~~~~~~~~~~~~~~~~~~~~~~~~~~~~~~~~~~~~~~~~~
    + CategoryInfo          : NotSpecified: (FAIL tests/integration/order.api.test.ts:String) [], RemoteException
    + FullyQualifiedErrorId : NativeCommandError
 
  Order API
    POST /api/v1/orders
      × should create a new order successfully (1206 ms)
      ○ skipped should fail validation if items are empty
    GET /api/v1/orders/:id
      ○ skipped should fetch an order by ID
      ○ skipped should return 404 for non-existent order
    PATCH /api/v1/orders/:id/status
      ○ skipped should allow admin to update order status
      ○ skipped should fail validation for invalid status
      ○ skipped should reject status update if not admin

  ● Order API › POST /api/v1/orders › should create a new order successfully

    expect(received).toBe(expected) // Object.is equality

    Expected: 201
    Received: 500

    [0m [90m 63 |[39m       console[33m.[39mlog([32m"POST /orders response:"[39m[33m,[39m 
response[33m.[39mbody)[33m;[39m
     [90m 64 |[39m
    [31m[1m>[22m[39m[90m 65 |[39m       
expect(response[33m.[39mstatus)[33m.[39mtoBe([35m201[39m)[33m;[39m
     [90m    |[39m                               [31m[1m^[22m[39m
     [90m 66 |[39m       expect(response[33m.[39mbody[33m.[39msuccess)[33m.[39mtoBe([36mtrue[39m)[33m;[39m
     [90m 67 |[39m       
expect(response[33m.[39mbody[33m.[39mdata)[33m.[39mtoHaveProperty([32m"id"[39m)[33m;[39m
     [90m 68 |[39m       
expect(response[33m.[39mbody[33m.[39mdata[33m.[39mtotalAmount)[33m.[39mtoBe([35m300[39m)[33m;[39m [90m// 
150 * 2[39m[0m

      at Object.<anonymous> (tests/integration/order.api.test.ts:65:31)

Test Suites: 1 failed, 1 total
Tests:       1 failed, 6 skipped, 7 total
Snapshots:   0 total
Time:        5.224 s, estimated 7 s
Ran all test suites matching tests/integration/order.api.test.ts with tests matching "should create a new order 
successfully".
